../Core/Src/main.c:87:5:_write	24	static
../Core/Src/main.c:101:5:main	40	static
../Core/Src/main.c:250:6:smartlock_success	8	static
../Core/Src/main.c:278:6:smartlock_fail	16	static
../Core/Src/main.c:304:6:reset_auth	8	static
../Core/Src/main.c:313:6:lockout_mode	40	static
../Core/Src/main.c:352:6:SystemClock_Config	88	static
../Core/Src/main.c:400:13:MX_I2C1_Init	8	static
../Core/Src/main.c:429:13:MX_SPI2_Init	8	static
../Core/Src/main.c:462:13:MX_USART2_UART_Init	8	static
../Core/Src/main.c:490:13:MX_GPIO_Init	48	static
../Core/Src/main.c:559:6:Error_Handler	4	static,ignoring_inline_asm
