../Core/Src/rc522.c:13:13:RC522_WriteReg	24	static
../Core/Src/rc522.c:22:16:RC522_ReadReg	24	static
../Core/Src/rc522.c:32:13:RC522_SetBitMask	16	static
../Core/Src/rc522.c:35:13:RC522_ClearBitMask	16	static
../Core/Src/rc522.c:40:13:RC522_CalculateCRC	40	static
../Core/Src/rc522.c:59:16:MFRC522_ToCard	40	static
../Core/Src/rc522.c:127:6:MFRC522_Reset	8	static
../Core/Src/rc522.c:131:6:MFRC522_AntennaOn	16	static
../Core/Src/rc522.c:138:6:MFRC522_Init	8	static
../Core/Src/rc522.c:158:9:MFRC522_Request	32	static
../Core/Src/rc522.c:174:9:MFRC522_Anticoll	32	static
../Core/Src/rc522.c:201:9:MFRC522_Check	24	static
